18:22:20.394 [main] INFO  api.test.UserTests - ******************Creating User****************
18:22:26.310 [main] INFO  api.test.UserTests - ****************** User is created****************
18:22:26.341 [main] INFO  api.test.UserTests - ******************Reading User info****************
18:22:27.891 [main] INFO  api.test.UserTests - ******************User info is displayed****************
18:22:27.903 [main] INFO  api.test.UserTests - ******************Updating User****************
18:22:29.488 [main] INFO  api.test.UserTests - ******************Reading User info****************
18:22:31.087 [main] INFO  api.test.UserTests - ******************User info is displayed****************
18:22:31.131 [main] INFO  api.test.UserTests - ******************User is updated****************
18:22:31.133 [main] INFO  api.test.UserTests - ******************Deleting User****************
18:22:32.688 [main] INFO  api.test.UserTests - ****************** User Deleted****************
18:25:11.377 [main] INFO  api.test.UserTests - ******************Creating User****************
18:25:17.457 [main] INFO  api.test.UserTests - ****************** User is created****************
18:25:17.493 [main] INFO  api.test.UserTests - ******************Reading User info****************
18:25:19.168 [main] INFO  api.test.UserTests - ******************User info is displayed****************
18:25:19.171 [main] INFO  api.test.UserTests - ******************Updating User****************
18:25:20.617 [main] INFO  api.test.UserTests - ******************Reading User info****************
18:25:22.361 [main] INFO  api.test.UserTests - ******************User info is displayed****************
18:25:22.361 [main] INFO  api.test.UserTests - ******************User is updated****************
18:25:22.366 [main] INFO  api.test.UserTests - ******************Deleting User****************
18:25:23.960 [main] INFO  api.test.UserTests - ****************** User Deleted****************
19:14:30.825 [main] INFO  api.test.UserTests - ******************Creating User****************
19:14:37.240 [main] INFO  api.test.UserTests - ****************** User is created****************
19:14:37.276 [main] INFO  api.test.UserTests - ******************Reading User info****************
19:14:38.697 [main] INFO  api.test.UserTests - ******************User info is displayed****************
19:14:38.704 [main] INFO  api.test.UserTests - ******************Updating User****************
19:14:40.256 [main] INFO  api.test.UserTests - ******************Reading User info****************
19:14:41.696 [main] INFO  api.test.UserTests - ******************User info is displayed****************
19:14:41.696 [main] INFO  api.test.UserTests - ******************User is updated****************
19:14:41.703 [main] INFO  api.test.UserTests - ******************Deleting User****************
19:14:42.974 [main] INFO  api.test.UserTests - ****************** User Deleted****************
19:15:26.341 [main] INFO  api.test.UserTests2 - ******************Creating User****************
19:15:33.402 [main] INFO  api.test.UserTests2 - ****************** User is created****************
19:15:33.436 [main] INFO  api.test.UserTests2 - ******************Reading User info****************
19:15:34.972 [main] INFO  api.test.UserTests2 - ******************User info is displayed****************
19:15:34.984 [main] INFO  api.test.UserTests2 - ******************Updating User****************
19:15:36.411 [main] INFO  api.test.UserTests2 - ******************Reading User info****************
19:15:37.852 [main] INFO  api.test.UserTests2 - ******************User info is displayed****************
19:15:37.852 [main] INFO  api.test.UserTests2 - ******************User is updated****************
19:15:37.875 [main] INFO  api.test.UserTests2 - ******************Deleting User****************
19:15:39.211 [main] INFO  api.test.UserTests2 - ****************** User Deleted****************
19:30:21.799 [main] INFO  api.test.UserTests - ******************Creating User****************
19:30:29.226 [main] INFO  api.test.UserTests - ****************** User is created****************
19:30:29.240 [main] INFO  api.test.UserTests - ******************Reading User info****************
19:30:30.680 [main] INFO  api.test.UserTests - ******************User info is displayed****************
19:30:30.685 [main] INFO  api.test.UserTests - ******************Updating User****************
19:30:32.286 [main] INFO  api.test.UserTests - ******************Reading User info****************
19:30:33.937 [main] INFO  api.test.UserTests - ******************User info is displayed****************
19:30:33.938 [main] INFO  api.test.UserTests - ******************User is updated****************
19:30:33.948 [main] INFO  api.test.UserTests - ******************Deleting User****************
19:30:35.497 [main] INFO  api.test.UserTests - ****************** User Deleted****************
19:46:56.807 [main] INFO  api.test.UserTests - ******************Creating User****************
19:47:02.293 [main] INFO  api.test.UserTests - ****************** User is created****************
19:47:02.306 [main] INFO  api.test.UserTests - ******************Reading User info****************
19:47:03.675 [main] INFO  api.test.UserTests - ******************User info is displayed****************
19:47:03.680 [main] INFO  api.test.UserTests - ******************Updating User****************
19:47:05.041 [main] INFO  api.test.UserTests - ******************Reading User info****************
19:47:06.475 [main] INFO  api.test.UserTests - ******************User info is displayed****************
19:47:06.476 [main] INFO  api.test.UserTests - ******************User is updated****************
19:47:06.481 [main] INFO  api.test.UserTests - ******************Deleting User****************
19:47:07.929 [main] INFO  api.test.UserTests - ****************** User Deleted****************
19:50:43.477 [main] INFO  api.test.UserTests - ******************Creating User****************
19:50:48.881 [main] INFO  api.test.UserTests - ****************** User is created****************
19:50:48.893 [main] INFO  api.test.UserTests - ******************Reading User info****************
19:50:50.520 [main] INFO  api.test.UserTests - ******************User info is displayed****************
19:50:50.525 [main] INFO  api.test.UserTests - ******************Updating User****************
19:50:52.119 [main] INFO  api.test.UserTests - ******************Reading User info****************
19:50:53.559 [main] INFO  api.test.UserTests - ******************User info is displayed****************
19:50:53.559 [main] INFO  api.test.UserTests - ******************User is updated****************
19:50:53.564 [main] INFO  api.test.UserTests - ******************Deleting User****************
19:50:55.156 [main] INFO  api.test.UserTests - ****************** User Deleted****************
19:51:37.117 [main] INFO  api.test.UserTests2 - ******************Creating User****************
19:51:43.791 [main] INFO  api.test.UserTests2 - ****************** User is created****************
19:51:43.836 [main] INFO  api.test.UserTests2 - ******************Reading User info****************
19:51:45.399 [main] INFO  api.test.UserTests2 - ******************User info is displayed****************
19:51:45.405 [main] INFO  api.test.UserTests2 - ******************Updating User****************
19:51:46.841 [main] INFO  api.test.UserTests2 - ******************Reading User info****************
19:51:48.436 [main] INFO  api.test.UserTests2 - ******************User info is displayed****************
19:51:48.436 [main] INFO  api.test.UserTests2 - ******************User is updated****************
19:51:48.442 [main] INFO  api.test.UserTests2 - ******************Deleting User****************
19:51:49.779 [main] INFO  api.test.UserTests2 - ****************** User Deleted****************
19:55:18.544 [main] INFO  api.test.UserTests - ******************Creating User****************
19:55:20.157 [main] INFO  api.test.UserTests - ****************** User is created****************
19:55:20.162 [main] INFO  api.test.UserTests - ******************Reading User info****************
19:55:21.492 [main] INFO  api.test.UserTests - ******************User info is displayed****************
19:55:21.497 [main] INFO  api.test.UserTests - ******************Updating User****************
19:55:23.067 [main] INFO  api.test.UserTests - ******************Reading User info****************
19:55:24.471 [main] INFO  api.test.UserTests - ******************User info is displayed****************
19:55:24.473 [main] INFO  api.test.UserTests - ******************User is updated****************
19:55:24.481 [main] INFO  api.test.UserTests - ******************Deleting User****************
19:55:26.151 [main] INFO  api.test.UserTests - ****************** User Deleted****************
